
        ==========     _____ _    _ ____  _____  ______          _____  
        =====         / ____| |  | |  _ \|  __ \|  ____|   /\   |  __ \ 
          =====      | (___ | |  | | |_) | |__) | |__     /  \  | |  | |
            ====      \___ \| |  | |  _ <|  _  /|  __|   / /\ \ | |  | |
              ====    ____) | |__| | |_) | | \ \| |____ / ____ \| |__| |
        ==========   |_____/ \____/|____/|_|  \_\______/_/    \_\_____/
	  v2.1.1

//========================== featureCounts setting ===========================\\
||                                                                            ||
||             Input files : 2 BAM files                                      ||
||                                                                            ||
||                           Control_1Aligned.sortedByCoord.out.bam           ||
||                           Heat_1Aligned.sortedByCoord.out.bam              ||
||                                                                            ||
||             Output file : featurecounts2.txt                               ||
||                 Summary : featurecounts2.txt.summary                       ||
||              Paired-end : yes                                              ||
||        Count read pairs : yes                                              ||
||              Annotation : braker.gtf (GTF)                                 ||
||      Dir for temp files : ./                                               ||
||                                                                            ||
||                 Threads : 2                                                ||
||                   Level : meta-feature level                               ||
||      Multimapping reads : not counted                                      ||
|| Multi-overlapping reads : not counted                                      ||
||   Min overlapping bases : 1                                                ||
||                                                                            ||
\\============================================================================//

//================================= Running ==================================\\
||                                                                            ||
|| Load annotation file braker.gtf ...                                        ||
||    Features : 14019                                                        ||
||    Meta-features : 1775                                                    ||
||    Chromosomes/contigs : 9                                                 ||
||                                                                            ||
|| Process BAM file Control_1Aligned.sortedByCoord.out.bam...                 ||
||    Strand specific : reversely stranded                                    ||
||    Paired-end reads are included.                                          ||
||    Total alignments : 1715769                                              ||
||    Successfully assigned alignments : 625461 (36.5%)                       ||
||    Running time : 0.05 minutes                                             ||
||                                                                            ||
|| Process BAM file Heat_1Aligned.sortedByCoord.out.bam...                    ||
||    Strand specific : reversely stranded                                    ||
||    Paired-end reads are included.                                          ||
||    Total alignments : 1580120                                              ||
||    Successfully assigned alignments : 576546 (36.5%)                       ||
||    Running time : 0.04 minutes                                             ||
||                                                                            ||
|| Write the final count table.                                               ||
|| Write the read assignment summary.                                         ||
||                                                                            ||
|| Summary of counting results can be found in file "featurecounts2.txt.summ  ||
|| ary"                                                                       ||
||                                                                            ||
\\============================================================================//

